[www.dmcg.edu/index.html]
[backblue.gif]
[fade.gif]
[index.html]
[www.dmcg.edu/images/favicon.png]
[www.dmcg.edu/images/apple-touch-icon.png]
[www.dmcg.edu/images/apple-touch-icon-72x72.png]
[www.dmcg.edu/images/apple-touch-icon-114x114.png]
[www.dmcg.edu/images/apple-touch-icon-144x144.png]
[www.dmcg.edu/css/bootstrap.min.css]
[www.dmcg.edu/css/jquery-ui.min.css]
[www.dmcg.edu/css/animate.css]
[www.dmcg.edu/css/css-plugin-collections.css]
[www.dmcg.edu/css/menuzord-megamenu.css]
[www.dmcg.edu/css/menuzord-skins/menuzord-rounded-boxed.css]
[www.dmcg.edu/css/style-main.css]
[www.dmcg.edu/css/preloader.css]
[www.dmcg.edu/css/custom-bootstrap-margin-padding.css]
[www.dmcg.edu/css/responsive.css]
[www.dmcg.edu/js/revolution-slider/css/settings.css]
[www.dmcg.edu/js/revolution-slider/css/layers.css]
[www.dmcg.edu/js/revolution-slider/css/navigation.css]
[www.dmcg.edu/css/colors/theme-skin-color-set3.css]
[www.dmcg.edu/js/jquery-2.2.4.min.js]
[www.dmcg.edu/js/bootstrap.min.js]
[www.dmcg.edu/js/jquery-ui.min.js]
[www.dmcg.edu/js/revolution-slider/js/jquery.themepunch.tools.min.js]
[www.dmcg.edu/js/revolution-slider/js/jquery.themepunch.revolution.min.js]
[www.dmcg.edu/images/preloaders/1.gif]
[www.dmcg.edu/jobs.html]
[www.dmcg.edu/js/jquery-plugin-collection.js]
[www.dmcg.edu/index-2.html]
[www.dmcg.edu/images/logo-dmc_white.png]
[www.dmcg.edu/images/logo-dmc.png]
[www.dmcg.edu/main21ef.html]
[www.dmcg.edu/mainc841.html]
[www.dmcg.edu/main22f8.html]
[www.dmcg.edu/main7bc2.html]
[www.dmcg.edu/maine69e.html]
[www.dmcg.edu/main3ddf.html]
[www.dmcg.edu/mainc68f.html]
[www.dmcg.edu/main491e.html]
[www.dmcg.edu/main9395.html]
[www.dmcg.edu/mainc467.html]
[www.dmcg.edu/academicsa0b8.html]
[www.dmcg.edu/academicsf67f.html]
[www.dmcg.edu/academicsed72.html]
[www.dmcg.edu/academics338e.html]
[www.dmcg.edu/academicsbe18.html]
[www.dmcg.edu/academics189f.html]
[www.dmcg.edu/academics726d.html]
[www.dmcg.edu/academicsff43.html]
[www.dmcg.edu/academicsff75.html]
[www.dmcg.edu/academics07da.html]
[www.dmcg.edu/academicsd798.html]
[www.dmcg.edu/academics67b6.html]
[www.dmcg.edu/campusaa71.html]
[www.dmcg.edu/campus8527.html]
[www.dmcg.edu/campusb052.html]
[www.dmcg.edu/campus5196.html]
[www.dmcg.edu/campusbaf6.html]
[www.dmcg.edu/campus922a.html]
[www.dmcg.edu/campus3170.html]
[www.dmcg.edu/campus0ddb.html]
[www.dmcg.edu/campus9a4d.html]
[www.dmcg.edu/campusa65a.html]
[www.dmcg.edu/research3d3b.html]
[www.dmcg.edu/research4d67.html]
[www.dmcg.edu/research78d6.html]
[www.dmcg.edu/research7d2b.html]
[www.dmcg.edu/researcha5c5.html]
[www.dmcg.edu/research17be.html]
[www.dmcg.edu/library94c8.html]
[www.dmcg.edu/library5b7f.html]
[www.dmcg.edu/journals3.html]
[www.dmcg.edu/libraryc7b7.html]
[www.dmcg.edu/journals1.html]
[www.dmcg.edu/announcements.html]
[www.dmcg.edu/eventec6c.html]
[www.dmcg.edu/collegem.html]
[www.dmcg.edu/event5c38.html]
[www.dmcg.edu/contact.html]
[www.dmcg.edu/images/bg/recre_sl.jpg]
[www.dmcg.edu/events0c98.html]
[www.dmcg.edu/images/bg/dmcg_cleanday_sl.jpg]
[www.dmcg.edu/events2568.html]
[www.dmcg.edu/images/bg/flagday_sl.jpg]
[www.dmcg.edu/eventsbb33.html]
[www.dmcg.edu/images/bg/essad2022.jpg]
[www.dmcg.edu/events4944.html]
[www.dmcg.edu/images/bg/Interuniversity_sl.jpg]
[www.dmcg.edu/events084d.html]
[www.dmcg.edu/images/bg/etuesday2022.jpg]
[www.dmcg.edu/events70df.html]
[www.dmcg.edu/images/bg/slider4.jpg]
[www.dmcg.edu/news0b30.html]
[www.dmcg.edu/images/bg/slider6.jpg]
[www.dmcg.edu/academicsb279.html]
[www.dmcg.edu/maina831.html]
[www.dmcg.edu/research995a.html]
[www.dmcg.edu/images/lms.png]
[www.dmcg.edu/mainfaa4.html]
[www.dmcg.edu/images/qdex.jpg]
[www.dmcg.edu/images/uae_50b.png]
[www.dmcg.edu/announcement5571.html]
[www.dmcg.edu/announcementfcbc.html]
[www.dmcg.edu/announcementbaa1.html]
[www.dmcg.edu/images/gallery/bio_dept.jpg]
[www.dmcg.edu/campus33cd.html]
[www.dmcg.edu/images/gallery/clinica_dept.jpg]
[www.dmcg.edu/campuscdcd.html]
[www.dmcg.edu/images/gallery/health_depta.jpg]
[www.dmcg.edu/campus2aa0.html]
[www.dmcg.edu/library0089.html]
[www.dmcg.edu/events7d36.html]
[www.dmcg.edu/images/gallery/teambase_learnfe.jpg]
[www.dmcg.edu/event22f7.html]
[www.dmcg.edu/images/gallery/recre_fe.jpg]
[www.dmcg.edu/images/gallery/clean_dae2022fe.jpg]
[www.dmcg.edu/events9b14.html]
[www.dmcg.edu/images/gallery/etuesday2022fe.jpg]
[www.dmcg.edu/eventsee8c.html]
[www.dmcg.edu/images/gallery/new_teacherfeatured.jpg]
[www.dmcg.edu/images/ief.jpg]
[www.dmcg.edu/images/itp.jpg]
[www.dmcg.edu/images/imag.jpg]
[www.dmcg.edu/images/mes.jpg]
[www.dmcg.edu/images/bg/homeimg3.jpg]
[www.dmcg.edu/images/hhhhh.jpg]
[www.dmcg.edu/goto_UpToDate.html]
[www.dmcg.edu/images/lib_uptodate.jpg]
[www.dmcg.edu/images/h2.jpg]
[www.dmcg.edu/images/lib_amboss.jpg]
[www.dmcg.edu/images/logo-white-footer.png]
[www.dmcg.edu/academicsaf1e.html]
[www.dmcg.edu/dmcg319d.html]
[www.dmcg.edu/index.html]
[www.dmcg.edu/js/custom.js]
[www.dmcg.edu/fonts/glyphicons-halflings-regular.eot]
[www.dmcg.edu/fonts/glyphicons-halflings-regulard41d.eot]
[www.dmcg.edu/fonts/glyphicons-halflings-regular.woff2]
[www.dmcg.edu/fonts/glyphicons-halflings-regular.woff]
[www.dmcg.edu/fonts/glyphicons-halflings-regular.ttf]
[www.dmcg.edu/css/bootstrap.min.css]
[www.dmcg.edu/css/images/ui-icons_444444_256x240.png]
[www.dmcg.edu/css/images/ui-icons_777777_256x240.png]
[www.dmcg.edu/css/images/ui-icons_555555_256x240.png]
[www.dmcg.edu/css/images/ui-icons_ffffff_256x240.png]
[www.dmcg.edu/css/images/ui-icons_777620_256x240.png]
[www.dmcg.edu/css/images/ui-icons_cc0000_256x240.png]
[www.dmcg.edu/css/jquery-ui.min.css]
[www.dmcg.edu/css/animate.css]
[www.dmcg.edu/css/lightbox/close.png]
[www.dmcg.edu/css/lightbox/loading.gif]
[www.dmcg.edu/css/lightbox/prev.png]
[www.dmcg.edu/css/lightbox/next.png]
[www.dmcg.edu/css/nivolightbox-themes/default/loading.gif]
[www.dmcg.edu/css/nivolightbox-themes/default/prev.png]
[www.dmcg.edu/css/nivolightbox-themes/default/next.png]
[www.dmcg.edu/css/nivolightbox-themes/default/close.png]
[www.dmcg.edu/css/nivolightbox-themes/default/loading@2x.gif]
[www.dmcg.edu/css/nivolightbox-themes/default/prev@2x.png]
[www.dmcg.edu/css/nivolightbox-themes/default/next@2x.png]
[www.dmcg.edu/css/nivolightbox-themes/default/close@2x.png]
[www.dmcg.edu/css/bxslider/images/bx_loader.gif]
[www.dmcg.edu/css/prettyPhoto/default/sprite.png]
[www.dmcg.edu/css/prettyPhoto/default/sprite_x.png]
[www.dmcg.edu/css/prettyPhoto/default/sprite_y.png]
[www.dmcg.edu/css/prettyPhoto/default/sprite_next.png]
[www.dmcg.edu/css/prettyPhoto/default/sprite_prev.png]
[www.dmcg.edu/css/prettyPhoto/default/default_thumb.png]
[www.dmcg.edu/css/prettyPhoto/default/loader.gif]
[www.dmcg.edu/css/prettyPhoto/light_rounded/sprite.png]
[www.dmcg.edu/css/prettyPhoto/light_rounded/btnNext.png]
[www.dmcg.edu/css/prettyPhoto/light_rounded/btnPrevious.png]
[www.dmcg.edu/css/prettyPhoto/dark_rounded/sprite.png]
[www.dmcg.edu/css/prettyPhoto/dark_rounded/contentPattern.png]
[www.dmcg.edu/css/prettyPhoto/dark_rounded/btnNext.png]
[www.dmcg.edu/css/prettyPhoto/dark_rounded/btnPrevious.png]
[www.dmcg.edu/css/prettyPhoto/dark_rounded/loader.gif]
[www.dmcg.edu/css/prettyPhoto/dark_square/loader.gif]
[www.dmcg.edu/css/prettyPhoto/dark_square/sprite.png]
[www.dmcg.edu/css/prettyPhoto/dark_square/btnNext.png]
[www.dmcg.edu/css/prettyPhoto/dark_square/btnPrevious.png]
[www.dmcg.edu/css/prettyPhoto/light_square/sprite.png]
[www.dmcg.edu/css/prettyPhoto/light_square/btnNext.png]
[www.dmcg.edu/css/prettyPhoto/light_square/btnPrevious.png]
[www.dmcg.edu/css/prettyPhoto/facebook/sprite.png]
[www.dmcg.edu/css/prettyPhoto/facebook/contentPatternTop.png]
[www.dmcg.edu/css/prettyPhoto/facebook/contentPatternLeft.png]
[www.dmcg.edu/css/prettyPhoto/facebook/contentPatternRight.png]
[www.dmcg.edu/css/prettyPhoto/facebook/loader.gif]
[www.dmcg.edu/css/prettyPhoto/facebook/btnNext.png]
[www.dmcg.edu/css/prettyPhoto/facebook/btnPrevious.png]
[www.dmcg.edu/css/prettyPhoto/facebook/contentPatternBottom.png]
[www.dmcg.edu/css/prettyPhoto/facebook/default_thumbnail.gif]
[www.dmcg.edu/css/prettyPhoto/light_rounded/loader.gif]
[www.dmcg.edu/css/slick-slider/ajax-loader.gif]
[www.dmcg.edu/css/slick-slider/fonts/slick.eot]
[www.dmcg.edu/css/slick-slider/fonts/slickd41d.eot]
[www.dmcg.edu/css/slick-slider/fonts/slick.woff]
[www.dmcg.edu/css/slick-slider/fonts/slick.ttf]
[www.dmcg.edu/css/css-plugin-collections.css]
[www.dmcg.edu/css/menuzord-megamenu.css]
[www.dmcg.edu/css/menuzord-skins/menuzord-rounded-boxed.css]
[www.dmcg.edu/css/font-awesome.min.css]
[www.dmcg.edu/css/font-awesome-animation.min.css]
[www.dmcg.edu/css/pe-icon-7-stroke.css]
[www.dmcg.edu/css/elegant-icons.css]
[www.dmcg.edu/css/utility-classes.css]
[www.dmcg.edu/images/pattern1.png]
[www.dmcg.edu/images/pattern2.png]
[www.dmcg.edu/images/pattern3.png]
[www.dmcg.edu/images/close.png]
[www.dmcg.edu/images/shadow-overlay.png]
[www.dmcg.edu/css/style-main.css]
[www.dmcg.edu/css/preloader.css]
[www.dmcg.edu/css/custom-bootstrap-margin-padding.css]
[www.dmcg.edu/css/responsive.css]
[www.dmcg.edu/js/revolution-slider/fonts/revicons/revicons90c6.eot]
[www.dmcg.edu/js/revolution-slider/fonts/revicons/revicons90c6.woff]
[www.dmcg.edu/js/revolution-slider/fonts/revicons/revicons90c6.ttf]
[www.dmcg.edu/js/revolution-slider/assets/gridtile.png]
[www.dmcg.edu/js/revolution-slider/assets/gridtile_white.png]
[www.dmcg.edu/js/revolution-slider/assets/gridtile_3x3.png]
[www.dmcg.edu/js/revolution-slider/assets/gridtile_3x3_white.png]
[www.dmcg.edu/js/revolution-slider/assets/coloredbg.png]
[www.dmcg.edu/js/revolution-slider/assets/loader.gif]
[www.dmcg.edu/js/revolution-slider/css/settings.css]
[www.dmcg.edu/js/revolution-slider/css/layers.css]
[www.dmcg.edu/js/revolution-slider/css/navigation.css]
[www.dmcg.edu/css/colors/theme-skin-color-set3.css]
[www.dmcg.edu/jobs.html]
[www.dmcg.edu/index-2.html]
[dmcg.edu/images/gallery/1664444842big.jpg]
[www.dmcg.edu/main48a2.html]
[www.dmcg.edu/main21ef.html]
[dmcg.edu/images/gallery/1660474988hajsaeed.jpg]
[www.dmcg.edu/mainc841.html]
[dmcg.edu/images/gallery/1660475952Dr.Galal_.jpg]
[www.dmcg.edu/main22f8.html]
[dmcg.edu/images/gallery/1663237706Dhahi_Khalfan.jpg]
[dmcg.edu/images/gallery/yahyalootah.jpg]
[dmcg.edu/images/gallery/hussainnlootah.jpg]
[dmcg.edu/images/gallery/abdullabh_suwaidi.jpg]
[dmcg.edu/images/gallery/muradabdullah.jpg]
[dmcg.edu/images/gallery/wadeia.jpg]
[dmcg.edu/images/gallery/noimage.png]
[dmcg.edu/images/gallery/1664797374prof_yousif.jpg]
[dmcg.edu/images/gallery/1664797369khan_dpc.jpg]
[www.dmcg.edu/main7bc2.html]
[www.dmcg.edu/images/gallery/ls_yousif.jpg]
[www.dmcg.edu/images/gallery/ls_farzana.jpg]
[www.dmcg.edu/images/gallery/ls_samar.jpg]
[www.dmcg.edu/images/gallery/ls_Kannan.jpg]
[www.dmcg.edu/images/gallery/ls_Rasha.jpg]
[www.dmcg.edu/images/gallery/ls_Abdelmoniem.jpg]
[www.dmcg.edu/images/gallery/ls_Saharab.jpg]
[www.dmcg.edu/images/gallery/ls_dinaha.jpg]
[www.dmcg.edu/maine69e.html]
[www.dmcg.edu/main3ddf.html]
[dmcg.edu/images/gallery/1660476944goals-objectives-option-4.jpg]
[www.dmcg.edu/mainc68f.html]
[www.dmcg.edu/main491e.html]
[dmcg.edu/images/gallery/1664522675org_chart30sep2022.jpg]
[www.dmcg.edu/main9395.html]
[dmcg.edu/images/gallery/1664536930d3.jpg]
[www.dmcg.edu/mainc467.html]
[www.dmcg.edu/alphasrc/demo.css]
[www.dmcg.edu/alphasrc/listnav.css]
[www.dmcg.edu/alphasrc/jquery-listnav.js]
[www.dmcg.edu/academicsa0b8.html]
[dmcg.edu/images/gallery/1663663314ac01.jpg]
[dmcg.edu/images/gallery/1663663320ac02.jpg]
[www.dmcg.edu/academicsf67f.html]
[dmcg.edu/images/gallery/1660538314Student-Union-Events-Calendar-S1a.jpg]
[dmcg.edu/images/gallery/1660538319Student-Union-Events-Calendar-S1b.jpg]
[dmcg.edu/images/gallery/1660538323Student-Union-Events-Calendar-S2.jpg]
[www.dmcg.edu/academicsed72.html]
[dmcg.edu/images/gallery/1666180248Examination-Calendar-2022-2023-1.jpg]
[dmcg.edu/images/gallery/1666180255Examination-Calendar-2022-2023-2.jpg]
[www.dmcg.edu/academics338e.html]
[dmcg.edu/images/gallery/1664456878teaching_img22_1.jpg]
[dmcg.edu/images/gallery/1664456883teaching_img22_2.jpg]
[www.dmcg.edu/academicsbe18.html]
[www.dmcg.edu/academics189f.html]
[www.dmcg.edu/academics726d.html]
[www.dmcg.edu/academicsff43.html]
[www.dmcg.edu/academicsff75.html]
[dmcg.edu/images/gallery/1665127428pass_crit.jpg]
[www.dmcg.edu/academics07da.html]
[www.dmcg.edu/images/gallery/prof_abdMoneim.jpg]
[www.dmcg.edu/images/gallery/hafeez.jpg]
[www.dmcg.edu/images/gallery/no_image.jpg]
[www.dmcg.edu/images/gallery/dr_AliE.jpg]
[www.dmcg.edu/images/gallery/a_AliaSaleh.jpg]
[www.dmcg.edu/images/gallery/dr_amina.jpg]
[www.dmcg.edu/images/gallery/amal.jpg]
[www.dmcg.edu/images/gallery/a_AmiraMahmoud.jpg]
[www.dmcg.edu/images/gallery/a_AnneAguiar.jpg]
[www.dmcg.edu/images/gallery/a_Asmamansoor.jpg]
[www.dmcg.edu/images/gallery/a_ahmed_gd.jpg]
[www.dmcg.edu/images/gallery/dr_badariya.jpg]
[www.dmcg.edu/images/gallery/a_DanaMazoua.jpg]
[www.dmcg.edu/images/gallery/a_DinaHegazy.jpg]
[www.dmcg.edu/images/gallery/Dr_dana.jpg]
[www.dmcg.edu/images/gallery/a_EmanMostafa.jpg]
[www.dmcg.edu/images/gallery/eslam.jpg]
[www.dmcg.edu/images/gallery/a_fairha.jpg]
[www.dmcg.edu/images/gallery/dr_farzana.jpg]
[www.dmcg.edu/images/gallery/a_fatima.jpg]
[www.dmcg.edu/images/gallery/a_FatimaAsma.jpg]
[www.dmcg.edu/images/gallery/fouzia.jpg]
[www.dmcg.edu/images/gallery/prof_ghazala.jpg]
[www.dmcg.edu/images/gallery/a_hashim.jpg]
[www.dmcg.edu/images/gallery/a_HinaSher.jpg]
[www.dmcg.edu/images/gallery/dr_eiman.jpg]
[www.dmcg.edu/images/gallery/a_irfan.jpg]
[www.dmcg.edu/images/gallery/a_jay.jpg]
[www.dmcg.edu/images/gallery/a_Juveriya.jpg]
[www.dmcg.edu/images/gallery/dr_kannan.jpg]
[www.dmcg.edu/images/gallery/a_khan.jpg]
[www.dmcg.edu/images/gallery/prof_magda.jpg]
[www.dmcg.edu/images/gallery/dr.Mohan.jpg]
[www.dmcg.edu/images/gallery/a_MamdouhElfaidy.jpg]
[www.dmcg.edu/images/gallery/dr.mariyam.jpg]
[www.dmcg.edu/images/gallery/12.jpg]
[www.dmcg.edu/images/gallery/13.jpg]
[www.dmcg.edu/images/gallery/no_image_m.jpg]
[www.dmcg.edu/images/gallery/dr_mohammed.jpg]
[www.dmcg.edu/images/gallery/dr_omar.jpg]
[www.dmcg.edu/images/gallery/momna_basheer.jpg]
[www.dmcg.edu/images/gallery/a_mona.jpg]
[www.dmcg.edu/images/gallery/prof_nadia.jpg]
[www.dmcg.edu/images/gallery/a_NadineHelil.jpg]
[www.dmcg.edu/images/gallery/prof_najla.jpg]
[www.dmcg.edu/images/gallery/a_NaimaElKhalfi.jpg]
[www.dmcg.edu/images/gallery/dr_najoot.jpg]
[www.dmcg.edu/images/gallery/dr_rania.jpg]
[www.dmcg.edu/images/gallery/rasha.jpg]
[www.dmcg.edu/images/gallery/a_Sadiya.jpg]
[www.dmcg.edu/images/gallery/dr_sahar.jpg]
[www.dmcg.edu/images/gallery/prof_samar.jpg]
[www.dmcg.edu/images/gallery/samya.jpg]
[www.dmcg.edu/images/gallery/shifan.jpg]
[www.dmcg.edu/images/gallery/prof_shifa.jpg]
[www.dmcg.edu/images/gallery/a_ShireenY.jpg]
[www.dmcg.edu/images/gallery/sumbal.jpg]
[www.dmcg.edu/images/gallery/dr_tasneem.jpg]
[www.dmcg.edu/images/gallery/a_Youness.jpg]
[www.dmcg.edu/images/gallery/prof_yousif.jpg]
[www.dmcg.edu/academicsd798.html]
[www.dmcg.edu/academics67b6.html]
[www.dmcg.edu/campusfd55.html]
[www.dmcg.edu/campus6828.html]
[www.dmcg.edu/campus3a73.html]
[www.dmcg.edu/campus9076.html]
[www.dmcg.edu/campuse1df.html]
[www.dmcg.edu/campus0589.html]
[www.dmcg.edu/campusaa71.html]
[www.dmcg.edu/campus8527.html]
[dmcg.edu/images/gallery/1665576767careerguid.jpg]
[www.dmcg.edu/campusb052.html]
[dmcg.edu/images/gallery/1664171630mental.jpg]
[dmcg.edu/images/gallery/1664171634studentservice.jpg]
[www.dmcg.edu/campus5196.html]
[www.dmcg.edu/campusbaf6.html]
[dmcg.edu/images/gallery/1660543095hostel.jpg]
[www.dmcg.edu/campus922a.html]
[dmcg.edu/images/gallery/1665044084f1.png]
[dmcg.edu/images/gallery/1665040773len1.png]
[dmcg.edu/images/gallery/1665040777len2.jpg]
[dmcg.edu/images/gallery/1665040780len3.png]
[www.dmcg.edu/campus3170.html]
[dmcg.edu/images/gallery/1660542657lcen.jpg]
[www.dmcg.edu/campus0ddb.html]
[dmcg.edu/images/gallery/1664535496dha_dubai.jpg]
[dmcg.edu/images/gallery/1664535518dha_rashid.jpg]
[dmcg.edu/images/gallery/1664535505dha_latifa.jpg]
[www.dmcg.edu/campus9a4d.html]
[www.dmcg.edu/campusa65a.html]
[www.dmcg.edu/research54c1.html]
[cdn.plu.mx/widget-popup.js]
[www.dmcg.edu/js/w3.js]
[www.dmcg.edu/research3d3b.html]
[www.dmcg.edu/research4d67.html]
[www.dmcg.edu/research78d6.html]
[dmcg.edu/images/gallery/1663916660medical_ground_red.jpg]
[www.dmcg.edu/research7d2b.html]
[www.dmcg.edu/researcha5c5.html]
[www.dmcg.edu/research17be.html]
[dmcg.edu/images/gallery/1664947382dpcg_lib2022.jpg]
[dmcg.edu/images/gallery/1665130831lib_imgsep2_3.jpg]
[dmcg.edu/images/gallery/1660541789f1.jpg]
[dmcg.edu/images/gallery/1665130822lib_imgsep2_2.jpg]
[www.dmcg.edu/library2076.html]
[www.dmcg.edu/library94c8.html]
[dmcg.edu/images/gallery/1664347492ebsco_2.jpg]
[dmcg.edu/images/gallery/1664518504clinicalkey.jpg]
[dmcg.edu/images/gallery/link_uptodate.jpg]
[dmcg.edu/images/gallery/1660644716lib_access.jpg]
[dmcg.edu/images/gallery/link_lexi.jpg]
[dmcg.edu/images/gallery/1664518522medline_22.jpg]
[dmcg.edu/images/gallery/1664192519amboss_2.jpg]
[dmcg.edu/images/gallery/1666081427mcgraw.jpg]
[www.dmcg.edu/library5b7f.html]
[www.dmcg.edu/css/components/bs-datatable.css]
[www.dmcg.edu/journals1.html]
[www.dmcg.edu/journals3.html]
[www.dmcg.edu/libraryc7b7.html]
[www.dmcg.edu/js/components/bs-datatable.js]
[www.dmcg.edu/images/gallery/annual_students_research1.jpg]
[www.dmcg.edu/images/gallery/Final_Exam_B35_22_23fe.jpg]
[www.dmcg.edu/images/gallery/Exam_clinical_sciences_ 2022_2023.jpg]
[www.dmcg.edu/images/gallery/Exam_2022_2023fe.jpg]
[www.dmcg.edu/announcementf10f.html]
[www.dmcg.edu/images/gallery/Mid-semester_Comprehensive1st-sem-AY-2022-2023.jpg]
[www.dmcg.edu/announcement8ade.html]
[www.dmcg.edu/images/gallery/1660106875Resit_Exam_1_2_Year_Sep2022-611x1024.jpg]
[www.dmcg.edu/announcement6ac0.html]
[www.dmcg.edu/images/gallery/1660106417Final_Exam_Timetable_July-2022-714x1024.jpg]
[www.dmcg.edu/announcement3c43.html]
[www.dmcg.edu/images/gallery/1660106344Schedule-of-Practical-Oral-SecondYear-2022-774x1024.jpg]
[www.dmcg.edu/announcement2237.html]
[www.dmcg.edu/images/gallery/1660106231Schedule_of_Practica_Oral_FirstYear-2022.jpg]
[www.dmcg.edu/announcementd9ac.html]
[www.dmcg.edu/images/gallery/1660105378First_Year_2nd_sem_AY_21_22-1.jpg]
[www.dmcg.edu/announcementa8e5.html]
[www.dmcg.edu/images/gallery/1660105019batch_34_third_resit_result_2021_2022-1024x748.jpg]
[www.dmcg.edu/announcementac44.html]
[www.dmcg.edu/images/gallery/1660103834Final_exam_instructions_academic_year_2021_20222-611x1024.jpg]
[www.dmcg.edu/announcementa038.html]
[www.dmcg.edu/announcements.html]
[www.dmcg.edu/eventse842.html]
[www.dmcg.edu/eventsb47e.html]
[www.dmcg.edu/eventse722.html]
[www.dmcg.edu/images/gallery/dubaipolice_fe.jpg]
[www.dmcg.edu/eventsfdd6.html]
[www.dmcg.edu/images/gallery/flagday2022fe.jpg]
[www.dmcg.edu/events4e50.html]
[www.dmcg.edu/images/gallery/oct24_2022fe.jpg]
[www.dmcg.edu/eventsfbb7.html]
[www.dmcg.edu/images/gallery/InteruniversityDebate1fe.jpg]
[www.dmcg.edu/events69a4.html]
[www.dmcg.edu/images/gallery/breastgameslide022fe.jpg]
[www.dmcg.edu/events6522.html]
[www.dmcg.edu/images/gallery/oct11_22fe.jpg]
[www.dmcg.edu/events05b4.html]
[www.dmcg.edu/images/gallery/virtual_13fe.jpg]
[www.dmcg.edu/events3ea6.html]
[www.dmcg.edu/images/gallery/octevent2_fe.jpg]
[www.dmcg.edu/events4002.html]
[www.dmcg.edu/eventsa241.html]
[www.dmcg.edu/images/gallery/mentalhealth_fe.jpg]
[www.dmcg.edu/events73ef.html]
[www.dmcg.edu/images/gallery/event_oct3fe.jpg]
[www.dmcg.edu/events885b.html]
[www.dmcg.edu/images/gallery/octevent3_fe.jpg]
[www.dmcg.edu/eventsbeaa.html]
[www.dmcg.edu/images/gallery/octevent1_fe.jpg]
[www.dmcg.edu/eventse2ce.html]
[www.dmcg.edu/events7521.html]
[www.dmcg.edu/images/gallery/webinar_small.jpg]
[www.dmcg.edu/events1eaa.html]
[www.dmcg.edu/images/gallery/nationalday2020feat-680x380.jpg]
[www.dmcg.edu/eventse875.html]
[www.dmcg.edu/images/gallery/a-680x380.jpg]
[www.dmcg.edu/eventscd6b.html]
[www.dmcg.edu/images/gallery/nagala_d2020-450x380.jpg]
[www.dmcg.edu/events22dc.html]
[www.dmcg.edu/images/gallery/1-680x380.png]
[www.dmcg.edu/eventsd9af.html]
[www.dmcg.edu/images/gallery/IMG_01-640x380.jpg]
[www.dmcg.edu/events3c3f.html]
[www.dmcg.edu/images/gallery/download-4-680x380.jpg]
[www.dmcg.edu/eventsd619.html]
[www.dmcg.edu/images/gallery/IMG_2452-1-680x380.jpg]
[www.dmcg.edu/events2c83.html]
[www.dmcg.edu/images/gallery/IMG_6296-680x380.jpg]
[www.dmcg.edu/eventsc584.html]
[www.dmcg.edu/images/gallery/d.jpg]
[www.dmcg.edu/eventse398.html]
[www.dmcg.edu/images/gallery/IMG_2217-680x380.jpg]
[www.dmcg.edu/events313d.html]
[www.dmcg.edu/images/gallery/Albayan-ads-672x380.jpg]
[www.dmcg.edu/eventsf065.html]
[www.dmcg.edu/images/gallery/IMPACTgroupphoto-680x380.jpg]
[www.dmcg.edu/events5f4e.html]
[www.dmcg.edu/images/gallery/DEbate-DSC_0056-680x380.jpg]
[www.dmcg.edu/events1dd6.html]
[www.dmcg.edu/images/gallery/1-680x380.jpg]
[www.dmcg.edu/events0f6a.html]
[www.dmcg.edu/images/gallery/IMG-20190305-WA0054-1-680x380.jpg]
[www.dmcg.edu/events0ff3.html]
[www.dmcg.edu/images/gallery/IMG-20190302-WA0022-680x380.jpg]
[www.dmcg.edu/eventsbb09.html]
[www.dmcg.edu/images/gallery/2221222.jpg]
[www.dmcg.edu/eventsdfa2.html]
[www.dmcg.edu/images/gallery/32110000.jpg]
[www.dmcg.edu/events329e.html]
[www.dmcg.edu/images/gallery/23422C_0116-1-680x380.jpg]
[www.dmcg.edu/events9764.html]
[www.dmcg.edu/images/gallery/EXPRESSIONS-SIGN-LANGUAGE-WORKSHOP-680x380.jpg]
[www.dmcg.edu/events4f17.html]
[www.dmcg.edu/images/gallery/decd451c-218b-4253-a4f0-8d9cdce0e858-1-680x380.jpg]
[www.dmcg.edu/events2cdb.html]
[www.dmcg.edu/images/gallery/Student-Presentation-by-Amena-Begum-and-Haala-Mashood-from-Batch-32-680x380.jpg]
[www.dmcg.edu/eventsfc48.html]
[www.dmcg.edu/images/gallery/Group-Photograph-Session-1-680x380.jpg]
[www.dmcg.edu/events79c9.html]
[www.dmcg.edu/images/gallery/IMG-20181128-WA0052-1-680x380.jpg]
[www.dmcg.edu/events0839.html]
[www.dmcg.edu/images/gallery/DSCN6550-1-1-1-680x380.jpg]
[www.dmcg.edu/events7ec4.html]
[www.dmcg.edu/images/gallery/12333-680x380.jpg]
[www.dmcg.edu/events16fb.html]
[www.dmcg.edu/images/gallery/Irfaanah_Hamdan_Award_photo-680x380.jpg]
[www.dmcg.edu/eventsfbaf.html]
[www.dmcg.edu/images/gallery/pic-7-680x380.jpg]
[www.dmcg.edu/events57b9.html]
[www.dmcg.edu/images/gallery/national7-680x380.jpg]
[www.dmcg.edu/events1164.html]
[www.dmcg.edu/eventec6c.html]
[www.dmcg.edu/images/gallery/imag_8.jpg]
[www.dmcg.edu/collegems2115.html]
[www.dmcg.edu/images/files/iPASSissue-8_June2021.pdf]
[www.dmcg.edu/images/gallery/imag_7.jpg]
[www.dmcg.edu/collegemsb9bb.html]
[www.dmcg.edu/images/files/iPASS_Issue_7_May_2021.pdf]
[www.dmcg.edu/images/gallery/imagmay_hcare_6.jpg]
[www.dmcg.edu/collegems7658.html]
[www.dmcg.edu/images/files/IPASS_6.pdf]
[www.dmcg.edu/images/gallery/imag_5.jpg]
[www.dmcg.edu/collegems91fd.html]
[www.dmcg.edu/images/files/i-PASS-magazine_5_120.pdf]
[www.dmcg.edu/images/gallery/december_mag_4.jpg]
[www.dmcg.edu/collegemsc50d.html]
[www.dmcg.edu/images/files/iPassEmagazineissue4.pdf]
[www.dmcg.edu/images/gallery/ipass_jan_3.jpg]
[www.dmcg.edu/collegems81c4.html]
[www.dmcg.edu/images/files/IPass_Magazine_group-3.pdf]
[www.dmcg.edu/images/gallery/mag_ipass2.jpg]
[www.dmcg.edu/collegems4cad.html]
[www.dmcg.edu/images/files/IPass_Magazine_group-2.pdf]
[www.dmcg.edu/images/gallery/mag_ipass2020feat2-500x350.jpg]
[www.dmcg.edu/collegems8a69.html]
[www.dmcg.edu/images/files/E-Magazine_Professionalism.pdf]
[www.dmcg.edu/collegem.html]
[www.dmcg.edu/images/gallery/covid_19pdf.jpg]
[www.dmcg.edu/events3272.html]
[www.dmcg.edu/images/gallery/covid19as.jpg]
[www.dmcg.edu/events0c71.html]
[www.dmcg.edu/images/gallery/feature333.jpg]
[www.dmcg.edu/eventsc04d.html]
[www.dmcg.edu/images/gallery/safety_alert-680x380.jpg]
[www.dmcg.edu/eventsf612.html]
[www.dmcg.edu/event5c38.html]
[www.dmcg.edu/js/google-map-init.js]
[www.google.com/recaptcha/api.js]
[www.dmcg.edu/contact.html]
[dmcg.edu/images/gallery/1667909557recre_img1.jpg]
[www.dmcg.edu/events0c98.html]
[dmcg.edu/images/gallery/1667809893dmcg_clean_1.jpg]
[www.dmcg.edu/events2568.html]
[dmcg.edu/images/gallery/1667809503flagday2022all.jpg]
[www.dmcg.edu/eventsbb33.html]
[dmcg.edu/images/gallery/1667474059dubaipolice_1.jpg]
[dmcg.edu/images/gallery/1667474065dubaipolice_2.jpg]
[www.dmcg.edu/events4944.html]
[dmcg.edu/images/gallery/1667215275InteruniversityDebate1.jpg]
[www.dmcg.edu/events084d.html]
[dmcg.edu/images/gallery/1665479193etuesday2022fe.jpg]
[www.dmcg.edu/events70df.html]
[www.dmcg.edu/news0b30.html]
[www.dmcg.edu/academics2906.html]
[www.dmcg.edu/academicsb279.html]
[www.dmcg.edu/maina831.html]
[www.dmcg.edu/research995a.html]
[www.dmcg.edu/mainfaa4.html]
[dmcg.edu/images/gallery/1667474656annual_students_research1.jpg]
[dmcg.edu/images/gallery/1667474661annual_students_research2.jpg]
[www.dmcg.edu/announcement5571.html]
[dmcg.edu/images/gallery/1666860007Final_Exam_B35_22_23.jpg]
[www.dmcg.edu/announcementfcbc.html]
[dmcg.edu/images/gallery/1666671201Exam_clinical_sciences_ 2022_2023.jpg]
[www.dmcg.edu/announcementbaa1.html]
[www.dmcg.edu/campus33cd.html]
[www.dmcg.edu/campuscdcd.html]
[www.dmcg.edu/campus2aa0.html]
[www.dmcg.edu/library084d.html]
[www.dmcg.edu/library0089.html]
[dmcg.edu/images/gallery/1668328698TBL_1.png]
[www.dmcg.edu/events7d36.html]
[www.dmcg.edu/event22f7.html]
[www.dmcg.edu/events9b14.html]
[dmcg.edu/images/gallery/1662986360new_teacher2.jpg]
[dmcg.edu/images/gallery/1662986365teachernew3.jpg]
[www.dmcg.edu/eventsee8c.html]
[www.dmcg.edu/goto_UpToDate.html]
[www.dmcg.edu/academicsaf1e.html]
[www.dmcg.edu/dmcgacb4.html]
[www.dmcg.edu/dmcg319d.html]
[www.dmcg.edu/fonts/glyphicons-halflings-regular.svg]
[www.dmcg.edu/css/owl.video.play.html]
[www.dmcg.edu/css/fonts/flexslider-icon.html]
[www.dmcg.edu/css/fonts/flexslider-icond41d.html]
[www.dmcg.edu/css/fonts/flexslider-icon-2.html]
[www.dmcg.edu/css/fonts/flexslider-icon-3.html]
[www.dmcg.edu/css/fonts/flexslider-icon-4.html]
[www.dmcg.edu/css/font/ytp-regular.html]
[www.dmcg.edu/css/bxslider/images/arrow-left.html]
[www.dmcg.edu/css/bxslider/images/arrow-right.html]
[www.dmcg.edu/css/slick-slider/fonts/slick.svg]
[www.dmcg.edu/fonts/fontawesome-webfont3e6e.eot]
[www.dmcg.edu/fonts/fontawesome-webfontd41d.eot]
[www.dmcg.edu/fonts/fontawesome-webfont3e6e.woff2]
[www.dmcg.edu/fonts/fontawesome-webfont3e6e.woff]
[www.dmcg.edu/fonts/fontawesome-webfont3e6e.ttf]
[www.dmcg.edu/css/font-awesome.min.css]
[www.dmcg.edu/css/font-awesome-animation.min.css]
[www.dmcg.edu/fonts/Pe-icon-7-strokebb1d.eot]
[www.dmcg.edu/fonts/Pe-icon-7-stroked41d.eot]
[www.dmcg.edu/fonts/Pe-icon-7-strokebb1d.woff]
[www.dmcg.edu/fonts/Pe-icon-7-strokebb1d.ttf]
[www.dmcg.edu/css/pe-icon-7-stroke.css]
[www.dmcg.edu/fonts/ElegantIcons.eot]
[www.dmcg.edu/fonts/ElegantIconsd41d.eot]
[www.dmcg.edu/fonts/ElegantIcons.woff]
[www.dmcg.edu/fonts/ElegantIcons.ttf]
[www.dmcg.edu/css/elegant-icons.css]
[www.dmcg.edu/css/utility-classes.css]
[www.dmcg.edu/images/megamenu/megamenu-dropdown.html]
[www.dmcg.edu/images/testimonials/quote_arrow.html]
[www.dmcg.edu/images/bg/bg11.html]
[www.dmcg.edu/js/revolution-slider/fonts/revicons/revicons90c6.svg]
[www.dmcg.edu/js/revolution-slider/css/openhand.html]
[www.dmcg.edu/js/revolution-slider/css/closedhand.html]
[www.dmcg.edu/main48a2.html]
[www.dmcg.edu/alphasrc/demo.css]
[www.dmcg.edu/alphasrc/listnav.css]
[www.dmcg.edu/campusfd55.html]
[www.dmcg.edu/campus6828.html]
[www.dmcg.edu/campus3a73.html]
[www.dmcg.edu/campus9076.html]
[www.dmcg.edu/campuse1df.html]
[www.dmcg.edu/campus0589.html]
[www.dmcg.edu/researchffd3.html]
[www.dmcg.edu/research54c1.html]
[www.dmcg.edu/publication/index.html]
[www.dmcg.edu/10.24941/ijcr.39444.08.html]
[www.dmcg.edu/library2076.html]
[www.dmcg.edu/css/components/bs-datatable.css]
[dmcg.edu/images/gallery/1666670839Exam_2022_2023.jpg]
[www.dmcg.edu/announcementf10f.html]
[dmcg.edu/images/gallery/1663129318Mid-semester_Comprehensive1st-sem-AY-2022-2023.jpg]
[www.dmcg.edu/announcement8ade.html]
[www.dmcg.edu/announcement6ac0.html]
[www.dmcg.edu/announcement3c43.html]
[www.dmcg.edu/announcement2237.html]
[www.dmcg.edu/announcementd9ac.html]
[dmcg.edu/images/gallery/1660105384Second_Year_2nd_sem_AY_21_22-2.jpg]
[www.dmcg.edu/announcementa8e5.html]
[www.dmcg.edu/announcementac44.html]
[dmcg.edu/images/gallery/1659962105pdf_download.png]
[www.dmcg.edu/announcementa038.html]
[www.dmcg.edu/eventse842.html]
[www.dmcg.edu/eventsb47e.html]
[www.dmcg.edu/eventse722.html]
[www.dmcg.edu/eventsfdd6.html]
[www.dmcg.edu/events4e50.html]
[dmcg.edu/images/gallery/1666586626oct24_2022.jpg]
[www.dmcg.edu/eventsfbb7.html]
[www.dmcg.edu/events69a4.html]
[dmcg.edu/images/gallery/1666942368breastdmcg022.jpg]
[www.dmcg.edu/events6522.html]
[dmcg.edu/images/gallery/1665474127oct11_22.jpg]
[www.dmcg.edu/events05b4.html]
[dmcg.edu/images/gallery/1665641926virtual_13.jpg]
[www.dmcg.edu/events3ea6.html]
[dmcg.edu/images/gallery/1664961954dmcg_event2.png]
[dmcg.edu/images/gallery/1664961959octevent2_fe.jpg]
[www.dmcg.edu/events4002.html]
[www.dmcg.edu/eventsa241.html]
[dmcg.edu/images/gallery/1665296412mentalhealth.jpg]
[dmcg.edu/images/gallery/1665732026event_oct1422.jpg]
[www.dmcg.edu/events73ef.html]
[dmcg.edu/images/gallery/1665260784event_oct3.jpg]
[www.dmcg.edu/events885b.html]
[dmcg.edu/images/gallery/1664969788octevent3.jpg]
[www.dmcg.edu/eventsbeaa.html]
[dmcg.edu/images/gallery/1664949459octevent1_fe.jpg]
[www.dmcg.edu/eventse2ce.html]
[www.dmcg.edu/events7521.html]
[dmcg.edu/images/gallery/1659956920The-Role-of-Non-Technical1.jpg]
[dmcg.edu/images/gallery/1659956973The-Role-of-Non-Technical2.jpg]
[dmcg.edu/images/gallery/1659957019registernow.jpg]
[www.dmcg.edu/events1eaa.html]
[dmcg.edu/images/gallery/1659956254nday2020_img1-300x199.jpg]
[dmcg.edu/images/gallery/1659956275nday2020_img4-300x168.jpg]
[dmcg.edu/images/gallery/1659956210nday2020_img3.jpg]
[dmcg.edu/images/gallery/1659956231nday2020_img5.jpg]
[www.dmcg.edu/eventse875.html]
[dmcg.edu/images/gallery/1659955708b.jpg]
[dmcg.edu/images/gallery/1659955729c.jpg]
[dmcg.edu/images/gallery/1659955749d.jpg]
[www.dmcg.edu/eventscd6b.html]
[dmcg.edu/images/gallery/1659955519nagala_d2020.jpg]
[www.dmcg.edu/events22dc.html]
[dmcg.edu/images/gallery/16599552371.png]
[dmcg.edu/images/gallery/16599552992.png]
[www.dmcg.edu/eventsd9af.html]
[dmcg.edu/images/gallery/1659954229IMG_01.jpg]
[dmcg.edu/images/gallery/1659954319IMG_02.jpg]
[dmcg.edu/images/gallery/1659954368IMG_03.jpg]
[dmcg.edu/images/gallery/1659954374IMG_04.jpg]
[dmcg.edu/images/gallery/1659954381IMG_05.jpg]
[dmcg.edu/images/gallery/1659954388IMG_06.jpg]
[dmcg.edu/images/gallery/1659954394IMG_07.jpg]
[dmcg.edu/images/gallery/1659954399IMG_08.jpg]
[dmcg.edu/images/gallery/1659954403IMG_09.jpg]
[dmcg.edu/images/gallery/1659954408IMG_10.jpg]
[dmcg.edu/images/gallery/1659954415IMG_11.png]
[www.dmcg.edu/events3c3f.html]
[dmcg.edu/images/gallery/1659953966download-3.jpg]
[dmcg.edu/images/gallery/1659953995download-1-1024x678.jpg]
[www.dmcg.edu/eventsd619.html]
[dmcg.edu/images/gallery/1659953755IMG_2442-1024x683.jpg]
[www.dmcg.edu/events2c83.html]
[dmcg.edu/images/gallery/1659953241IMG_5951.jpg]
[dmcg.edu/images/gallery/1659953417IMG_5969-1024x683.jpg]
[dmcg.edu/images/gallery/1659953443IMG_5809-300x200.jpg]
[dmcg.edu/images/gallery/1659953465IMG_6217-1024x683.jpg]
[www.dmcg.edu/eventsc584.html]
[dmcg.edu/images/gallery/1659953049ba.jpg]
[dmcg.edu/images/gallery/165995310024.jpg]
[www.dmcg.edu/eventse398.html]
[dmcg.edu/images/gallery/1659948939IMG_2080-1024x683.jpg]
[dmcg.edu/images/gallery/1659948994IMG_2117-1024x683.jpg]
[dmcg.edu/images/gallery/1659949012IMG_2208-1024x683.jpg]
[www.dmcg.edu/events313d.html]
[www.dmcg.edu/eventsf065.html]
[dmcg.edu/images/gallery/1659948416IMG_20191018_140335-1024x768.jpg]
[dmcg.edu/images/gallery/1659948439a5c92033-9f01-4fe6-a06d-5c23d2743b92.jpg]
[www.dmcg.edu/events5f4e.html]
[dmcg.edu/images/gallery/1659947455Group-pic-IMG_6421-1-1024x683.jpg]
[dmcg.edu/images/gallery/1659947479survivor-IMG_6245-1024x683.jpg]
[www.dmcg.edu/events1dd6.html]
[dmcg.edu/images/gallery/16599471572-300x181.jpg]
[dmcg.edu/images/gallery/1659947168error-smtp-768x509.jpg]
[www.dmcg.edu/events0f6a.html]
[dmcg.edu/images/gallery/1659946935IMG-20190305-WA0065-768x509.jpg]
[dmcg.edu/images/gallery/1659946973IMG-20190305-WA0045-768x602.jpg]
[dmcg.edu/images/gallery/1659946991IMG-20190305-WA0035-768x509.jpg]
[dmcg.edu/images/gallery/1659947014IMG-20190305-WA0032-768x509.jpg]
[www.dmcg.edu/events0ff3.html]
[dmcg.edu/images/gallery/1659946294IMG-20190302-WA0010-768x512.jpg]
[dmcg.edu/images/gallery/1659946325IMG-20190302-WA0017-768x552.jpg]
[www.dmcg.edu/eventsbb09.html]
[dmcg.edu/images/gallery/165994568322.png]
[www.dmcg.edu/eventsdfa2.html]
[dmcg.edu/images/gallery/165994474732110000.jpg]
[www.dmcg.edu/events329e.html]
[www.dmcg.edu/events9764.html]
[dmcg.edu/images/gallery/1659944364hand-300x95.png]
[www.dmcg.edu/events4f17.html]
[dmcg.edu/images/gallery/1659944192IMG_7793.jpg]
[www.dmcg.edu/events2cdb.html]
[dmcg.edu/images/gallery/1659943889Dr.-Maged-Agour-from-the-Erada-Center-gave-an-overview-on-substance-abuse-300x200.jpg]
[dmcg.edu/images/gallery/1659943858Dr.-Maged-clearing-some-doubts-raised-by-Prof.-Hafez-300x200.jpg]
[dmcg.edu/images/gallery/1659943955Audience-for-the-Addiction-Awareness-event-300x200.jpg]
[dmcg.edu/images/gallery/1659944024Group-Photograph-session-300x200.jpg]
[www.dmcg.edu/eventsfc48.html]
[dmcg.edu/images/gallery/1659942977Mrs.-Randa-Mushtaha-gave-us-a-glimpse-of-her-journey-as-a-Breast-Cancer-survivor-500x500.jpg]
[dmcg.edu/images/gallery/1659943070Open-Discussion-500x500.jpg]
[dmcg.edu/images/gallery/1659943121Student-Presentation-by-Alaa-Ahmed-of-Batch-33-500x500.jpg]
[dmcg.edu/images/gallery/1659943144Student-Presentation-by-Ayesha-AlZaroori-of-Batch-33-500x500.jpg]
[dmcg.edu/images/gallery/1659943185Student-Presentation-by-Fatima-Yousef-of-Batch-31-500x500.jpg]
[dmcg.edu/images/gallery/1659943215Student-Presentation-by-Noor-Abdullah-of-Batch-31-500x500.jpg]
[dmcg.edu/images/gallery/1659943248Student-Presentation-by-Sabila-Siddiqui-of-Batch-33-500x500.jpg]
[dmcg.edu/images/gallery/1659943269The-audience-for-the-Breast-Cancer-Awareness-Program-500x500.jpg]
[www.dmcg.edu/events79c9.html]
[dmcg.edu/images/gallery/1659942669f306ecfa-92a5-422a-abba-5838d8e07af9-225x300.jpg]
[dmcg.edu/images/gallery/16599426957aa79be6-6ff7-4c74-9c15-8b74b961cf16-180x300.jpg]
[www.dmcg.edu/events0839.html]
[www.dmcg.edu/events7ec4.html]
[dmcg.edu/images/gallery/1659942185123123123-1.jpg]
[dmcg.edu/images/gallery/1659942301332143-768x431.jpg]
[www.dmcg.edu/events16fb.html]
[www.dmcg.edu/eventsfbaf.html]
[dmcg.edu/images/gallery/1659937289pic_1-768x576.jpg]
[www.dmcg.edu/events57b9.html]
[www.dmcg.edu/events1164.html]
[www.dmcg.edu/js/vertical-timeline/img/pdffff-2.svg]
[www.dmcg.edu/collegems2115.html]
[www.dmcg.edu/collegemsb9bb.html]
[www.dmcg.edu/collegems7658.html]
[www.dmcg.edu/collegems91fd.html]
[www.dmcg.edu/collegemsc50d.html]
[www.dmcg.edu/collegems81c4.html]
[www.dmcg.edu/collegems4cad.html]
[www.dmcg.edu/collegems8a69.html]
[www.dmcg.edu/events3272.html]
[dmcg.edu/images/gallery/1660022563hands_new_policy_2021.jpg]
[www.dmcg.edu/events0c71.html]
[www.dmcg.edu/eventsc04d.html]
[dmcg.edu/images/gallery/1660021887image004.jpg]
[www.dmcg.edu/eventsf612.html]
[www.dmcg.edu/academics2906.html]
[www.dmcg.edu/library084d.html]
[www.dmcg.edu/dmcgacb4.html]
[www.dmcg.edu/fonts/fontawesome-webfont3e6e.svg]
[www.dmcg.edu/fonts/Pe-icon-7-strokebb1d.svg]
[www.dmcg.edu/fonts/ElegantIcons.svg]
[www.dmcg.edu/researchffd3.html]
